--------------------------------------------------------------------------------------
Timing Analyzer Summary
--------------------------------------------------------------------------------------

Type           : Worst-case tsu
Slack          : N/A
Required Time  : None
Actual Time    : 10.301 ns
From           : INPUT[3]
To             : reg_group:inst5|r2[3]
From Clock     : --
To Clock       : clk
Failed Paths   : 0

Type           : Worst-case tco
Slack          : N/A
Required Time  : None
Actual Time    : 17.032 ns
From           : ir:inst|x[2]
To             : OUTPUT[3]
From Clock     : clk
To Clock       : --
Failed Paths   : 0

Type           : Worst-case tpd
Slack          : N/A
Required Time  : None
Actual Time    : 15.284 ns
From           : INPUT[3]
To             : OUTPUT[3]
From Clock     : --
To Clock       : --
Failed Paths   : 0

Type           : Worst-case th
Slack          : N/A
Required Time  : None
Actual Time    : -6.613 ns
From           : INPUT[2]
To             : ir:inst|x[2]
From Clock     : --
To Clock       : clk
Failed Paths   : 0

Type           : Clock Setup: 'clk'
Slack          : N/A
Required Time  : None
Actual Time    : 44.61 MHz ( period = 22.414 ns )
From           : ir:inst|x[1]
To             : lpm_ram_io:inst1|altram:sram|altsyncram:ram_block|altsyncram_jf91:auto_generated|ram_block1a0~porta_datain_reg7
From Clock     : clk
To Clock       : clk
Failed Paths   : 0

Type           : Total number of failed paths
Slack          : 
Required Time  : 
Actual Time    : 
From           : 
To             : 
From Clock     : 
To Clock       : 
Failed Paths   : 0

--------------------------------------------------------------------------------------

